=== T4 wrong-dir ===
[  843.727743] configfs-gadget.g_nova gadget.0: novacom: ep_in halt (wrong dir)
[  843.743256] configfs-gadget.g_nova gadget.0: novacom: ep_out halt (wrong dir)
=== T5 interrupted ===
[  854.446481] configfs-gadget.g_nova gadget.0: novacom: ep_out i/o interrupted
[ 1601.234424] configfs-gadget.g_nova gadget.0: novacom: ep_out i/o interrupted
=== T6 soft-cycle ===
13:50:25 starting soft-cycle
13:50:25 stopping loopback (if any)
13:50:25 soft disconnect
13:50:28 soft connect
13:50:34 restart loopback-mt
13:50:34 done
=== T7 cfgfs cycle ===
14:02:40 stop loopback
14:02:41 unbind UDC
14:02:42 /dev nodes should be gone:
/dev/novacom_ep0
/dev/novacom_ep_in
/dev/novacom_ep_out
14:02:42 unlink + rmdir function
14:02:43 recreate function
14:02:44 /dev nodes back?
/dev/novacom_ep0
/dev/novacom_ep_in
/dev/novacom_ep_out
14:02:44 rebind UDC
14:02:46 restart loopback-mt
14:02:46 done
=== T7 dmesg lifecycle ===
[  866.055838] configfs-gadget.g_nova gadget.0: novacom: deactivated
[  869.622891] configfs-gadget.g_nova gadget.0: novacom: activate
[  869.644617] configfs-gadget.g_nova gadget.0: activate ecm
[ 1601.758590] configfs-gadget.g_nova gadget.0: ecm deactivated
[ 1601.771537] configfs-gadget.g_nova gadget.0: novacom: deactivated
[ 1601.792999] configfs-gadget.g_nova gadget.0: unbind function 'novacom'/f4725a99
[ 1601.800808] configfs-gadget.g_nova gadget.0: unbind function 'cdc_ethernet'/cdc5f329
[ 1604.992269] configfs-gadget.g_nova gadget.0: adding 'novacom'/d67d0155 to config 'c'/6fbbabbc
[ 1605.513288] configfs-gadget.g_nova gadget.0: novacom: activate
[ 1605.535139] configfs-gadget.g_nova gadget.0: activate ecm
