[  101.253647] TPADHSUART-DBG TX> 00000000: c0 da 35 00 f0 02 04 00 75 18 c0
[  101.253883] TPADHSUART-DBG TX> 00000000: c0 db dd 22 01 01 00 00 09 00 01 00 03 70 00 00
[  101.259137] TPADHSUART-DBG RX< 00000000: c0 60 00 00 9f dd 6f c0
[  101.264906] TPADHSUART-DBG RX< 00000000: c0 e3 22 01 f9 01 00 09 00 01 00 03 70 00 00 f4
[  101.264935] TPADHSUART-DBG RX< 00000000: c0 e4 65 00 b6 0e 04 01 02 04 00 54 43 c0
[  101.265471] TPADHSUART-DBG TX> 00000000: c0 60 00 00 9f dd 6f c0 c0 68 00 00 97 d4 f9 c0
[  101.265484] TPADHSUART-DBG TX> 00000010: c0 ec 55 00 be 05 0c 02 01 00 41 29 c0
[  101.268436] TPADHSUART-DBG RX< 00000000: c0 68 00 00 97 d4 f9 c0
[  101.271859] TPADHSUART-DBG RX< 00000000: c0 ed 65 00 ad 0e 04 01 05 0c 00 55 60 c0
[  101.272255] TPADHSUART-DBG TX> 00000000: c0 70 00 00 8f d9 a4 c0
[  104.420371] TPADHSUART-DBG TX> 00000000: c0 f5 85 00 85 01 04 05 33 8b 9e 30 00 4c 60 c0
[  104.671429] TPADHSUART-DBG TX> 00000000: c0 f5 85 00 85 01 04 05 33 8b 9e 30 00 4c 60 c0
[  104.672679] TPADHSUART-DBG RX< 00000000: c0 70 00 00 8f d9 a4 c0
[  104.673920] TPADHSUART-DBG RX< 00000000: c0 f6 65 00 a4 0f 04 00 01 01 04 34 a0 c0
[  104.675045] TPADHSUART-DBG TX> 00000000: c0 78 00 00 87 d0 32 c0
[  114.423692] TPADHSUART-DBG TX> 00000000: c0 fe 35 00 cc 02 04 00 b9 f3 c0
[  114.463628] TPADHSUART-DBG RX< 00000000: c0 78 00 00 87 d0 32 c0
[  114.481532] TPADHSUART-DBG RX< 00000000: c0 ff 65 00 9b 0e 04 01 02 04 00 2f 02 c0
[  114.482318] TPADHSUART-DBG TX> 00000000: c0 40 00 00 bf 57 1a c0
[  114.483141] TPADHSUART-DBG TX> 00000000: c0 c7 55 00 e3 05 0c 02 01 00 13 fd c0
[  114.490952] TPADHSUART-DBG RX< 00000000: c0 40 00 00 bf 57 1a c0
[  114.493297] TPADHSUART-DBG RX< 00000000: c0 db dc 65 00 da 0e 04 01 05 0c 00 9b 91 c0
[  114.494103] TPADHSUART-DBG TX> 00000000: c0 48 00 00 b7 5e 8c c0
[  117.451426] TPADHSUART-DBG TX> 00000000: c0 c8 85 00 b2 01 04 05 33 8b 9e 30 00 5b ca c0
[  117.701916] TPADHSUART-DBG TX> 00000000: c0 c8 85 00 b2 01 04 05 33 8b 9e 30 00 5b ca c0
[  117.703697] TPADHSUART-DBG RX< 00000000: c0 48 00 00 b7 5e 8c c0
[  117.704920] TPADHSUART-DBG RX< 00000000: c0 c9 65 00 d1 0f 04 00 01 01 04 1f ec c0
[  117.705477] TPADHSUART-DBG TX> 00000000: c0 50 00 00 af 53 d1 c0
