# webOS cold BCSP handshake capture (debug kernel uImage.webOSdebug), 2026-05-22
# Captured via: stop bluetooth; dmesg -c; start bluetooth (handshake runs in-window)
# KEY: webOS SYNC = c0 40 41 00 7e da dc ed ed a9 7a c0 = byte-identical to mainline.
#      chip advances (SYNC->SYNC-RSP->CONF->CONF-RSP) for webOS but only-SYNCs for us.
#      note btuart_pin_mux off->on + btuart_deassert_rts get/put dance right before TX.

[   88.986142] btuart_pin_mux: on
[   88.986164] btuart_deassert_rts: 0(get)
[   88.986175] btuart_deassert_rts: 0(get)
[   88.986657] btuart_deassert_rts: 1(put)
[   88.986682] btuart_deassert_rts: 1(put)
[   88.992813] btuart_pin_mux: off
[   88.992853] btuart_pin_mux: on
[   88.992869] btuart_deassert_rts: 1(put)
[   88.992880] btuart_deassert_rts: 1(put)
[   88.992894] btuart_deassert_rts: 1(put)
[   88.992939] btuart_deassert_rts: 0(get)
[   88.993578] TPADHSUART-DBG TX> 00000000: c0 40 41 00 7e da dc ed ed a9 7a c0
[   89.267942] TPADHSUART-DBG RX< 00000000: c0 40 41 00 7e da dc ed ed a9 7a c0
[   89.268123] TPADHSUART-DBG TX> 00000000: c0 40 41 00 7e ac af ef ee bb 84 c0
[   89.282375] TPADHSUART-DBG RX< 00000000: c0 40 41 00 7e ad ef ac ed a1 a6 c0
[   89.513200] TPADHSUART-DBG RX< 00000000: c0 40 41 00 7e ad ef ac ed a1 a6 c0
[   89.744159] TPADHSUART-DBG RX< 00000000: c0 40 41 00 7e ad ef ac ed a1 a6 c0
[   89.960646] TPADHSUART-DBG TX> 00000000: c0 40 41 00 7e da dc ed ed a9 7a c0
[   89.976276] TPADHSUART-DBG RX< 00000000: c0 40 41 00 7e ac af ef ee bb 84 c0 c0 40 41 00
[   89.976299] TPADHSUART-DBG RX< 00000010: 7e ad ef ac ed a1 a6 c0
[   89.976520] TPADHSUART-DBG TX> 00000000: c0 40 41 00 7e ad ef ac ed a1 a6 c0
[   89.976558] TPADHSUART-DBG TX> 00000000: c0 40 41 00 7e de ad d0 d0 83 58 c0
[   89.992321] TPADHSUART-DBG RX< 00000000: c0 40 41 00 7e de ad d0 d0 83 58 c0 c0 db dc 65
[   89.992345] TPADHSUART-DBG RX< 00000010: 00 da 0f 04 00 01 00 00 11 da c0
[   89.992836] TPADHSUART-DBG TX> 00000000: c0 48 00 00 b7 5e 8c c0
[   89.993102] TPADHSUART-DBG TX> 00000000: c0 c8 22 01 14 00 00 09 00 00 00 19 28 00 00 00
[   89.993122] TPADHSUART-DBG TX> 00000010: 00 00 00 00 00 00 00 db dd 70 c0
[   90.011075] TPADHSUART-DBG RX< 00000000: c0 48 00 00 b7 5e 8c c0 c0 c9 22 01 13 01 00 09
[   90.011101] TPADHSUART-DBG RX< 00000010: 00 00 00 19 28 00 00 e9 12 00 00 00 00 00 00 fc
[   90.011117] TPADHSUART-DBG RX< 00000020: 91 c0
[   90.011433] TPADHSUART-DBG TX> 00000000: c0 50 00 00 af 53 d1 c0
[   90.013237] TPADHSUART-DBG TX> 00000000: c0 d1 22 01 0b 02 00 09 00 00 00 03 70 00 00 fe
[   90.013260] TPADHSUART-DBG TX> 00000010: 01 01 00 08 00 90 65 2e 47 c0
[   90.030615] TPADHSUART-DBG RX< 00000000: c0 50 00 00 af 53 d1 c0 c0 d2 22 01 0a 01 00 09
[   90.030638] TPADHSUART-DBG RX< 00000010: 00 00 00 03 70 00 00 fe 01 01 00 08 00 90 65 cf
[   90.030676] TPADHSUART-DBG RX< 00000020: c1 c0
[   90.031021] TPADHSUART-DBG TX> 00000000: c0 da 22 01 02 02 00 09 00 00 00 03 70 00 00 be
[   90.031042] TPADHSUART-DBG TX> 00000010: 01 01 00 08 00 fc 3a 30 9a c0
[   90.048544] TPADHSUART-DBG RX< 00000000: c0 58 00 00 a7 5a 47 c0 c0 db dd 22 01 01 01 00
[   90.048569] TPADHSUART-DBG RX< 00000010: 09 00 00 00 03 70 00 00 be 01 01 00 08 00 fc 3a
[   90.048587] TPADHSUART-DBG RX< 00000020: c5 32 c0
[   90.048920] TPADHSUART-DBG TX> 00000000: c0 e3 22 01 f9 02 00 09 00 00 00 03 70 00 00 ab
[   90.048940] TPADHSUART-DBG TX> 00000010: 01 01 00 08 00 01 00 0a 13 c0
[   90.066500] TPADHSUART-DBG RX< 00000000: c0 60 00 00 9f dd 6f c0 c0 e4 22 01 f8 01 00 09
[   90.066545] TPADHSUART-DBG RX< 00000010: 00 00 00 03 70 00 00 ab 01 01 00 08 00 01 00 81
[   90.066572] TPADHSUART-DBG RX< 00000020: 38 c0
[   90.067099] TPADHSUART-DBG TX> 00000000: c0 ec 22 01 f0 02 00 09 00 00 00 03 70 00 00 b0
[   90.067133] TPADHSUART-DBG TX> 00000010: 01 01 00 08 00 01 00 38 9c c0
[   90.084970] TPADHSUART-DBG RX< 00000000: c0 68 00 00 97 d4 f9 c0 c0 ed 22 01 ef 01 00 09
[   90.085071] TPADHSUART-DBG RX< 00000010: 00 00 00 03 70 00 00 b0 01 01 00 08 00 01 00 0d
[   90.085099] TPADHSUART-DBG RX< 00000020: ed c0
[   90.085839] TPADHSUART-DBG TX> 00000000: c0 f5 22 01 e7 02 00 09 00 00 00 03 70 00 00 b9
[   90.085872] TPADHSUART-DBG TX> 00000010: 01 01 00 08 00 08 00 1a 0b c0
[   90.103474] TPADHSUART-DBG RX< 00000000: c0 70 00 00 8f d9 a4 c0 c0 f6 22 01 e6 01 00 09
[   90.103521] TPADHSUART-DBG RX< 00000010: 00 00 00 03 70 00 00 b9 01 01 00 08 00 08 00 fb
[   90.103549] TPADHSUART-DBG RX< 00000020: 8d c0
[   90.104317] TPADHSUART-DBG TX> 00000000: c0 fe 22 01 de 02 00 09 00 00 00 03 70 00 00 f6
[   90.104350] TPADHSUART-DBG TX> 00000010: 01 01 00 08 00 19 00 e2 2d c0
[   90.121958] TPADHSUART-DBG RX< 00000000: c0 78 00 00 87 d0 32 c0 c0 ff 22 01 dd 01 00 09
[   90.122004] TPADHSUART-DBG RX< 00000010: 00 00 00 03 70 00 00 f6 01 01 00 08 00 19 00 17
